<?xml version="1.0" encoding="utf-8"?><testsuites name="pytest tests"><testsuite name="pytest" errors="0" failures="0" skipped="0" tests="1" time="4.004" timestamp="2025-12-10T02:38:14.222388-06:00" hostname="Johns-MacBook-Pro.local"><properties><property name="hypothesis-statistics-tests/test_address_parser.py::TestBasicProperties::test_valid_zips_are_valid" value="dGVzdHMvdGVzdF9hZGRyZXNzX3BhcnNlci5weTo6VGVzdEJhc2ljUHJvcGVydGllczo6dGVzdF92YWxpZF96aXBzX2FyZV92YWxpZDoKCiAgLSBkdXJpbmcgZ2VuZXJhdGUgcGhhc2UgKDAuMDEgc2Vjb25kcyk6CiAgICAtIFR5cGljYWwgcnVudGltZXM6IH4gMC0xMSBtcywgb2Ygd2hpY2ggPCAxbXMgaW4gZGF0YSBnZW5lcmF0aW9uCiAgICAtIDcgcGFzc2luZyBleGFtcGxlcywgMCBmYWlsaW5nIGV4YW1wbGVzLCAwIGludmFsaWQgZXhhbXBsZXMKCiAgLSBTdG9wcGVkIGJlY2F1c2Ugbm90aGluZyBsZWZ0IHRvIGRv" /></properties><testcase classname="tests.test_address_parser.TestBasicProperties" name="test_valid_zips_are_valid" time="0.015" /></testsuite></testsuites>
